// Jest Snapshot v1, https://goo.gl/fbAQLP

exports[`heading component should render without crashing 1`] = `
<h2
  className="heading m-0 animated animation-delay-100 fadeInDown"
  dangerouslySetInnerHTML={
    Object {
      "__html": "test heading",
    }
  }
/>
`;
